[2024-11-25 11:48:16] local.ERROR: Cannot declare class App\Libraries\Depends\ValueObjectType because the name is already in use {"exception":"[object] (Symfony\\Component\\ErrorHandler\\Error\\FatalError(code: 0): Cannot declare class App\\Libraries\\Depends\\ValueObjectType because the name is already in use at J:\\projects\\BIT_CRAFT\\craft-1\\backend\\source\\app\\Libraries\\Depends\\ValueObjectType.php:15)
[stacktrace]
#0 {main}
"} 
[2024-11-25 11:48:31] local.ERROR: Cannot declare class App\Libraries\Depends\ValueObjectType because the name is already in use {"exception":"[object] (Symfony\\Component\\ErrorHandler\\Error\\FatalError(code: 0): Cannot declare class App\\Libraries\\Depends\\ValueObjectType because the name is already in use at J:\\projects\\BIT_CRAFT\\craft-1\\backend\\source\\app\\Libraries\\Depends\\ValueObjectType.php:15)
[stacktrace]
#0 {main}
"} 
[2024-11-25 11:48:53] local.ERROR: Cannot declare class App\Libraries\Depends\ValueObjectType because the name is already in use {"exception":"[object] (Symfony\\Component\\ErrorHandler\\Error\\FatalError(code: 0): Cannot declare class App\\Libraries\\Depends\\ValueObjectType because the name is already in use at J:\\projects\\BIT_CRAFT\\craft-1\\backend\\source\\app\\Libraries\\Depends\\ValueObjectType.php:15)
[stacktrace]
#0 {main}
"} 
[2024-11-25 11:49:08] local.ERROR: Cannot declare class App\Libraries\Depends\ValueObjectType because the name is already in use {"exception":"[object] (Symfony\\Component\\ErrorHandler\\Error\\FatalError(code: 0): Cannot declare class App\\Libraries\\Depends\\ValueObjectType because the name is already in use at J:\\projects\\BIT_CRAFT\\craft-1\\backend\\source\\app\\Libraries\\Depends\\ValueObjectType.php:15)
[stacktrace]
#0 {main}
"} 
[2024-11-25 11:49:55] local.ERROR: Cannot declare class App\Libraries\Depends\ValueObjectType because the name is already in use {"exception":"[object] (Symfony\\Component\\ErrorHandler\\Error\\FatalError(code: 0): Cannot declare class App\\Libraries\\Depends\\ValueObjectType because the name is already in use at J:\\projects\\BIT_CRAFT\\craft-1\\backend\\source\\app\\Libraries\\Depends\\ValueObjectType.php:15)
[stacktrace]
#0 {main}
"} 
[2024-11-25 11:50:01] local.ERROR: Cannot declare class App\Libraries\Depends\ValueObjectType because the name is already in use {"exception":"[object] (Symfony\\Component\\ErrorHandler\\Error\\FatalError(code: 0): Cannot declare class App\\Libraries\\Depends\\ValueObjectType because the name is already in use at J:\\projects\\BIT_CRAFT\\craft-1\\backend\\source\\app\\Libraries\\Depends\\ValueObjectType.php:15)
[stacktrace]
#0 {main}
"} 
[2024-11-25 11:50:15] local.ERROR: Cannot declare class App\Libraries\Depends\ValueObjectType because the name is already in use {"exception":"[object] (Symfony\\Component\\ErrorHandler\\Error\\FatalError(code: 0): Cannot declare class App\\Libraries\\Depends\\ValueObjectType because the name is already in use at J:\\projects\\BIT_CRAFT\\craft-1\\backend\\source\\app\\Libraries\\Depends\\ValueObjectType.php:15)
[stacktrace]
#0 {main}
"} 
[2024-11-25 11:50:21] local.ERROR: Cannot declare class App\Libraries\Depends\ValueObjectType because the name is already in use {"exception":"[object] (Symfony\\Component\\ErrorHandler\\Error\\FatalError(code: 0): Cannot declare class App\\Libraries\\Depends\\ValueObjectType because the name is already in use at J:\\projects\\BIT_CRAFT\\craft-1\\backend\\source\\app\\Libraries\\Depends\\ValueObjectType.php:15)
[stacktrace]
#0 {main}
"} 
[2024-11-25 11:51:31] local.ERROR: Cannot declare class App\Libraries\Depends\ValueObjectType because the name is already in use {"exception":"[object] (Symfony\\Component\\ErrorHandler\\Error\\FatalError(code: 0): Cannot declare class App\\Libraries\\Depends\\ValueObjectType because the name is already in use at J:\\projects\\BIT_CRAFT\\craft-1\\backend\\source\\app\\Libraries\\Depends\\ValueObjectType.php:15)
[stacktrace]
#0 {main}
"} 
[2024-11-25 11:52:58] local.ERROR: Cannot declare class App\Libraries\Depends\ValueObjectType because the name is already in use {"exception":"[object] (Symfony\\Component\\ErrorHandler\\Error\\FatalError(code: 0): Cannot declare class App\\Libraries\\Depends\\ValueObjectType because the name is already in use at J:\\projects\\BIT_CRAFT\\craft-1\\backend\\source\\app\\Libraries\\Depends\\ValueObjectType.php:15)
[stacktrace]
#0 {main}
"} 
[2024-11-25 12:05:37] local.ERROR: Cannot declare class App\Libraries\Depends\ValueObjectType because the name is already in use {"exception":"[object] (Symfony\\Component\\ErrorHandler\\Error\\FatalError(code: 0): Cannot declare class App\\Libraries\\Depends\\ValueObjectType because the name is already in use at J:\\projects\\BIT_CRAFT\\craft-1\\backend\\source\\app\\Libraries\\Depends\\ValueObjectType.php:15)
[stacktrace]
#0 {main}
"} 
[2024-11-25 12:05:44] local.ERROR: Cannot declare class App\Libraries\Depends\ValueObjectType because the name is already in use {"exception":"[object] (Symfony\\Component\\ErrorHandler\\Error\\FatalError(code: 0): Cannot declare class App\\Libraries\\Depends\\ValueObjectType because the name is already in use at J:\\projects\\BIT_CRAFT\\craft-1\\backend\\source\\app\\Libraries\\Depends\\ValueObjectType.php:15)
[stacktrace]
#0 {main}
"} 
[2024-11-25 12:06:18] local.ERROR: Cannot declare class App\Libraries\Depends\ValueObjectType because the name is already in use {"exception":"[object] (Symfony\\Component\\ErrorHandler\\Error\\FatalError(code: 0): Cannot declare class App\\Libraries\\Depends\\ValueObjectType because the name is already in use at J:\\projects\\BIT_CRAFT\\craft-1\\backend\\source\\app\\Libraries\\Depends\\ValueObjectType.php:15)
[stacktrace]
#0 {main}
"} 
[2024-11-25 12:18:42] local.ERROR: Trait "App\Libraries\LibAccessor" not found {"exception":"[object] (Symfony\\Component\\ErrorHandler\\Error\\FatalError(code: 0): Trait \"App\\Libraries\\LibAccessor\" not found at J:\\projects\\BIT_CRAFT\\craft-1\\backend\\source\\app\\Http\\Responses\\ResError.php:14)
[stacktrace]
#0 {main}
"} 
[2024-11-25 12:30:30] local.ERROR: Cannot declare class App\Libraries\Depends\ValueObjectType because the name is already in use {"exception":"[object] (Symfony\\Component\\ErrorHandler\\Error\\FatalError(code: 0): Cannot declare class App\\Libraries\\Depends\\ValueObjectType because the name is already in use at J:\\projects\\BIT_CRAFT\\craft-1\\backend\\source\\app\\Libraries\\Depends\\ValueObjectType.php:15)
[stacktrace]
#0 {main}
"} 
[2024-11-25 14:08:20] local.ERROR: Cannot declare class App\Libraries\Depends\ValueObjectType because the name is already in use {"exception":"[object] (Symfony\\Component\\ErrorHandler\\Error\\FatalError(code: 0): Cannot declare class App\\Libraries\\Depends\\ValueObjectType because the name is already in use at J:\\projects\\BIT_CRAFT\\craft-1\\backend\\source\\app\\Libraries\\Depends\\ValueObjectType.php:15)
[stacktrace]
#0 {main}
"} 
[2024-11-25 14:08:39] local.ERROR: Cannot declare class App\Libraries\Depends\ValueObjectType because the name is already in use {"exception":"[object] (Symfony\\Component\\ErrorHandler\\Error\\FatalError(code: 0): Cannot declare class App\\Libraries\\Depends\\ValueObjectType because the name is already in use at J:\\projects\\BIT_CRAFT\\craft-1\\backend\\source\\app\\Libraries\\Depends\\ValueObjectType.php:15)
[stacktrace]
#0 {main}
"} 
[2024-11-25 14:08:43] local.ERROR: Cannot declare class App\Libraries\Depends\ValueObjectType because the name is already in use {"exception":"[object] (Symfony\\Component\\ErrorHandler\\Error\\FatalError(code: 0): Cannot declare class App\\Libraries\\Depends\\ValueObjectType because the name is already in use at J:\\projects\\BIT_CRAFT\\craft-1\\backend\\source\\app\\Libraries\\Depends\\ValueObjectType.php:15)
[stacktrace]
#0 {main}
"} 
[2024-11-25 14:08:47] local.ERROR: Cannot declare class App\Libraries\Depends\ValueObjectType because the name is already in use {"exception":"[object] (Symfony\\Component\\ErrorHandler\\Error\\FatalError(code: 0): Cannot declare class App\\Libraries\\Depends\\ValueObjectType because the name is already in use at J:\\projects\\BIT_CRAFT\\craft-1\\backend\\source\\app\\Libraries\\Depends\\ValueObjectType.php:15)
[stacktrace]
#0 {main}
"} 
[2024-11-25 14:08:53] local.ERROR: Cannot declare class App\Libraries\Depends\ValueObjectType because the name is already in use {"exception":"[object] (Symfony\\Component\\ErrorHandler\\Error\\FatalError(code: 0): Cannot declare class App\\Libraries\\Depends\\ValueObjectType because the name is already in use at J:\\projects\\BIT_CRAFT\\craft-1\\backend\\source\\app\\Libraries\\Depends\\ValueObjectType.php:15)
[stacktrace]
#0 {main}
"} 
[2024-11-25 14:09:03] local.ERROR: Cannot declare class App\Libraries\Depends\ValueObjectType because the name is already in use {"exception":"[object] (Symfony\\Component\\ErrorHandler\\Error\\FatalError(code: 0): Cannot declare class App\\Libraries\\Depends\\ValueObjectType because the name is already in use at J:\\projects\\BIT_CRAFT\\craft-1\\backend\\source\\app\\Libraries\\Depends\\ValueObjectType.php:15)
[stacktrace]
#0 {main}
"} 
[2024-11-25 14:09:07] local.ERROR: Cannot declare class App\Libraries\Depends\ValueObjectType because the name is already in use {"exception":"[object] (Symfony\\Component\\ErrorHandler\\Error\\FatalError(code: 0): Cannot declare class App\\Libraries\\Depends\\ValueObjectType because the name is already in use at J:\\projects\\BIT_CRAFT\\craft-1\\backend\\source\\app\\Libraries\\Depends\\ValueObjectType.php:15)
[stacktrace]
#0 {main}
"} 
[2024-11-25 14:09:36] local.ERROR: Cannot declare class App\Libraries\Depends\ValueObjectType because the name is already in use {"exception":"[object] (Symfony\\Component\\ErrorHandler\\Error\\FatalError(code: 0): Cannot declare class App\\Libraries\\Depends\\ValueObjectType because the name is already in use at J:\\projects\\BIT_CRAFT\\craft-1\\backend\\source\\app\\Libraries\\Depends\\ValueObjectType.php:15)
[stacktrace]
#0 {main}
"} 
[2024-11-25 14:09:50] local.ERROR: Cannot declare class App\Libraries\Depends\ValueObjectType because the name is already in use {"exception":"[object] (Symfony\\Component\\ErrorHandler\\Error\\FatalError(code: 0): Cannot declare class App\\Libraries\\Depends\\ValueObjectType because the name is already in use at J:\\projects\\BIT_CRAFT\\craft-1\\backend\\source\\app\\Libraries\\Depends\\ValueObjectType.php:15)
[stacktrace]
#0 {main}
"} 
[2024-11-25 14:10:11] local.ERROR: Cannot declare class App\Libraries\Depends\ValueObjectType because the name is already in use {"exception":"[object] (Symfony\\Component\\ErrorHandler\\Error\\FatalError(code: 0): Cannot declare class App\\Libraries\\Depends\\ValueObjectType because the name is already in use at J:\\projects\\BIT_CRAFT\\craft-1\\backend\\source\\app\\Libraries\\Depends\\ValueObjectType.php:15)
[stacktrace]
#0 {main}
"} 
[2024-11-25 14:10:31] local.ERROR: Cannot declare class App\Libraries\Depends\ValueObjectType because the name is already in use {"exception":"[object] (Symfony\\Component\\ErrorHandler\\Error\\FatalError(code: 0): Cannot declare class App\\Libraries\\Depends\\ValueObjectType because the name is already in use at J:\\projects\\BIT_CRAFT\\craft-1\\backend\\source\\app\\Libraries\\Depends\\ValueObjectType.php:15)
[stacktrace]
#0 {main}
"} 
[2024-11-25 14:10:41] local.ERROR: Cannot declare class App\Libraries\Depends\ValueObjectType because the name is already in use {"exception":"[object] (Symfony\\Component\\ErrorHandler\\Error\\FatalError(code: 0): Cannot declare class App\\Libraries\\Depends\\ValueObjectType because the name is already in use at J:\\projects\\BIT_CRAFT\\craft-1\\backend\\source\\app\\Libraries\\Depends\\ValueObjectType.php:15)
[stacktrace]
#0 {main}
"} 
[2024-11-25 14:11:44] local.ERROR: Cannot declare class App\Libraries\Depends\ValueObjectType because the name is already in use {"exception":"[object] (Symfony\\Component\\ErrorHandler\\Error\\FatalError(code: 0): Cannot declare class App\\Libraries\\Depends\\ValueObjectType because the name is already in use at J:\\projects\\BIT_CRAFT\\craft-1\\backend\\source\\app\\Libraries\\Depends\\ValueObjectType.php:15)
[stacktrace]
#0 {main}
"} 
[2024-11-25 14:15:48] local.ERROR: Cannot declare class App\Libraries\Depends\ValueObjectType because the name is already in use {"exception":"[object] (Symfony\\Component\\ErrorHandler\\Error\\FatalError(code: 0): Cannot declare class App\\Libraries\\Depends\\ValueObjectType because the name is already in use at J:\\projects\\BIT_CRAFT\\craft-1\\backend\\source\\app\\Libraries\\Depends\\ValueObjectType.php:15)
[stacktrace]
#0 {main}
"} 
[2024-11-25 14:15:53] local.ERROR: Cannot declare class App\Libraries\Depends\ValueObjectType because the name is already in use {"exception":"[object] (Symfony\\Component\\ErrorHandler\\Error\\FatalError(code: 0): Cannot declare class App\\Libraries\\Depends\\ValueObjectType because the name is already in use at J:\\projects\\BIT_CRAFT\\craft-1\\backend\\source\\app\\Libraries\\Depends\\ValueObjectType.php:15)
[stacktrace]
#0 {main}
"} 
[2024-11-25 14:16:17] local.ERROR: Cannot declare class App\Libraries\Depends\ValueObjectType because the name is already in use {"exception":"[object] (Symfony\\Component\\ErrorHandler\\Error\\FatalError(code: 0): Cannot declare class App\\Libraries\\Depends\\ValueObjectType because the name is already in use at J:\\projects\\BIT_CRAFT\\craft-1\\backend\\source\\app\\Libraries\\Depends\\ValueObjectType.php:15)
[stacktrace]
#0 {main}
"} 
[2024-11-25 14:17:12] local.ERROR: Cannot declare class App\Libraries\Depends\ValueObjectType because the name is already in use {"exception":"[object] (Symfony\\Component\\ErrorHandler\\Error\\FatalError(code: 0): Cannot declare class App\\Libraries\\Depends\\ValueObjectType because the name is already in use at J:\\projects\\BIT_CRAFT\\craft-1\\backend\\source\\app\\Libraries\\Depends\\ValueObjectType.php:15)
[stacktrace]
#0 {main}
"} 
[2024-11-25 14:34:06] local.ERROR: Cannot declare class App\Libraries\Depends\ValueObjectType because the name is already in use {"exception":"[object] (Symfony\\Component\\ErrorHandler\\Error\\FatalError(code: 0): Cannot declare class App\\Libraries\\Depends\\ValueObjectType because the name is already in use at J:\\projects\\BIT_CRAFT\\craft-1\\backend\\source\\app\\Libraries\\Depends\\ValueObjectType.php:15)
[stacktrace]
#0 {main}
"} 
[2024-11-25 14:36:05] local.ERROR: Cannot declare class App\Libraries\Depends\ValueObjectType because the name is already in use {"exception":"[object] (Symfony\\Component\\ErrorHandler\\Error\\FatalError(code: 0): Cannot declare class App\\Libraries\\Depends\\ValueObjectType because the name is already in use at J:\\projects\\BIT_CRAFT\\craft-1\\backend\\source\\app\\Libraries\\Depends\\ValueObjectType.php:15)
[stacktrace]
#0 {main}
"} 
[2024-11-25 14:36:09] local.ERROR: Cannot declare class App\Libraries\Depends\ValueObjectType because the name is already in use {"exception":"[object] (Symfony\\Component\\ErrorHandler\\Error\\FatalError(code: 0): Cannot declare class App\\Libraries\\Depends\\ValueObjectType because the name is already in use at J:\\projects\\BIT_CRAFT\\craft-1\\backend\\source\\app\\Libraries\\Depends\\ValueObjectType.php:15)
[stacktrace]
#0 {main}
"} 
[2024-11-25 14:37:32] local.ERROR: Cannot declare class App\Libraries\Depends\ValueObjectType because the name is already in use {"exception":"[object] (Symfony\\Component\\ErrorHandler\\Error\\FatalError(code: 0): Cannot declare class App\\Libraries\\Depends\\ValueObjectType because the name is already in use at J:\\projects\\BIT_CRAFT\\craft-1\\backend\\source\\app\\Libraries\\Depends\\ValueObjectType.php:15)
[stacktrace]
#0 {main}
"} 
[2024-11-25 14:38:21] local.ERROR: Cannot declare class App\Libraries\Depends\ValueObjectType because the name is already in use {"exception":"[object] (Symfony\\Component\\ErrorHandler\\Error\\FatalError(code: 0): Cannot declare class App\\Libraries\\Depends\\ValueObjectType because the name is already in use at J:\\projects\\BIT_CRAFT\\craft-1\\backend\\source\\app\\Libraries\\Depends\\ValueObjectType.php:15)
[stacktrace]
#0 {main}
"} 
[2024-11-25 14:38:54] local.ERROR: Cannot declare class App\Libraries\Depends\ValueObjectType because the name is already in use {"exception":"[object] (Symfony\\Component\\ErrorHandler\\Error\\FatalError(code: 0): Cannot declare class App\\Libraries\\Depends\\ValueObjectType because the name is already in use at J:\\projects\\BIT_CRAFT\\craft-1\\backend\\source\\app\\Libraries\\Depends\\ValueObjectType.php:15)
[stacktrace]
#0 {main}
"} 
[2024-11-25 14:38:58] local.ERROR: Cannot declare class App\Libraries\Depends\ValueObjectType because the name is already in use {"exception":"[object] (Symfony\\Component\\ErrorHandler\\Error\\FatalError(code: 0): Cannot declare class App\\Libraries\\Depends\\ValueObjectType because the name is already in use at J:\\projects\\BIT_CRAFT\\craft-1\\backend\\source\\app\\Libraries\\Depends\\ValueObjectType.php:15)
[stacktrace]
#0 {main}
"} 
[2024-11-25 14:39:02] local.ERROR: Cannot declare class App\Libraries\Depends\ValueObjectType because the name is already in use {"exception":"[object] (Symfony\\Component\\ErrorHandler\\Error\\FatalError(code: 0): Cannot declare class App\\Libraries\\Depends\\ValueObjectType because the name is already in use at J:\\projects\\BIT_CRAFT\\craft-1\\backend\\source\\app\\Libraries\\Depends\\ValueObjectType.php:15)
[stacktrace]
#0 {main}
"} 
[2024-11-25 14:39:32] local.ERROR: Cannot declare class App\Libraries\Depends\ValueObjectType because the name is already in use {"exception":"[object] (Symfony\\Component\\ErrorHandler\\Error\\FatalError(code: 0): Cannot declare class App\\Libraries\\Depends\\ValueObjectType because the name is already in use at J:\\projects\\BIT_CRAFT\\craft-1\\backend\\source\\app\\Libraries\\Depends\\ValueObjectType.php:15)
[stacktrace]
#0 {main}
"} 
[2024-11-25 14:39:45] local.ERROR: Cannot declare class App\Libraries\Depends\ValueObjectType because the name is already in use {"exception":"[object] (Symfony\\Component\\ErrorHandler\\Error\\FatalError(code: 0): Cannot declare class App\\Libraries\\Depends\\ValueObjectType because the name is already in use at J:\\projects\\BIT_CRAFT\\craft-1\\backend\\source\\app\\Libraries\\Depends\\ValueObjectType.php:15)
[stacktrace]
#0 {main}
"} 
[2024-11-25 14:39:50] local.ERROR: Cannot declare class App\Libraries\Depends\ValueObjectType because the name is already in use {"exception":"[object] (Symfony\\Component\\ErrorHandler\\Error\\FatalError(code: 0): Cannot declare class App\\Libraries\\Depends\\ValueObjectType because the name is already in use at J:\\projects\\BIT_CRAFT\\craft-1\\backend\\source\\app\\Libraries\\Depends\\ValueObjectType.php:15)
[stacktrace]
#0 {main}
"} 
[2024-11-25 14:39:55] local.ERROR: Cannot declare class App\Libraries\Depends\ValueObjectType because the name is already in use {"exception":"[object] (Symfony\\Component\\ErrorHandler\\Error\\FatalError(code: 0): Cannot declare class App\\Libraries\\Depends\\ValueObjectType because the name is already in use at J:\\projects\\BIT_CRAFT\\craft-1\\backend\\source\\app\\Libraries\\Depends\\ValueObjectType.php:15)
[stacktrace]
#0 {main}
"} 
[2024-11-25 14:40:44] local.ERROR: Cannot declare class App\Libraries\Depends\ValueObjectType because the name is already in use {"exception":"[object] (Symfony\\Component\\ErrorHandler\\Error\\FatalError(code: 0): Cannot declare class App\\Libraries\\Depends\\ValueObjectType because the name is already in use at J:\\projects\\BIT_CRAFT\\craft-1\\backend\\source\\app\\Libraries\\Depends\\ValueObjectType.php:15)
[stacktrace]
#0 {main}
"} 
[2024-11-25 14:40:51] local.ERROR: Cannot declare class App\Libraries\Depends\ValueObjectType because the name is already in use {"exception":"[object] (Symfony\\Component\\ErrorHandler\\Error\\FatalError(code: 0): Cannot declare class App\\Libraries\\Depends\\ValueObjectType because the name is already in use at J:\\projects\\BIT_CRAFT\\craft-1\\backend\\source\\app\\Libraries\\Depends\\ValueObjectType.php:15)
[stacktrace]
#0 {main}
"} 
[2024-11-25 14:40:55] local.ERROR: Cannot declare class App\Libraries\Depends\ValueObjectType because the name is already in use {"exception":"[object] (Symfony\\Component\\ErrorHandler\\Error\\FatalError(code: 0): Cannot declare class App\\Libraries\\Depends\\ValueObjectType because the name is already in use at J:\\projects\\BIT_CRAFT\\craft-1\\backend\\source\\app\\Libraries\\Depends\\ValueObjectType.php:15)
[stacktrace]
#0 {main}
"} 
[2024-11-25 14:40:59] local.ERROR: Cannot declare class App\Libraries\Depends\ValueObjectType because the name is already in use {"exception":"[object] (Symfony\\Component\\ErrorHandler\\Error\\FatalError(code: 0): Cannot declare class App\\Libraries\\Depends\\ValueObjectType because the name is already in use at J:\\projects\\BIT_CRAFT\\craft-1\\backend\\source\\app\\Libraries\\Depends\\ValueObjectType.php:15)
[stacktrace]
#0 {main}
"} 
[2024-11-25 14:41:15] local.ERROR: Cannot declare class App\Libraries\Depends\ValueObjectType because the name is already in use {"exception":"[object] (Symfony\\Component\\ErrorHandler\\Error\\FatalError(code: 0): Cannot declare class App\\Libraries\\Depends\\ValueObjectType because the name is already in use at J:\\projects\\BIT_CRAFT\\craft-1\\backend\\source\\app\\Libraries\\Depends\\ValueObjectType.php:15)
[stacktrace]
#0 {main}
"} 
[2024-11-25 14:41:19] local.ERROR: Cannot declare class App\Libraries\Depends\ValueObjectType because the name is already in use {"exception":"[object] (Symfony\\Component\\ErrorHandler\\Error\\FatalError(code: 0): Cannot declare class App\\Libraries\\Depends\\ValueObjectType because the name is already in use at J:\\projects\\BIT_CRAFT\\craft-1\\backend\\source\\app\\Libraries\\Depends\\ValueObjectType.php:15)
[stacktrace]
#0 {main}
"} 
[2024-11-25 14:42:01] local.ERROR: Cannot declare class App\Libraries\Depends\ValueObjectType because the name is already in use {"exception":"[object] (Symfony\\Component\\ErrorHandler\\Error\\FatalError(code: 0): Cannot declare class App\\Libraries\\Depends\\ValueObjectType because the name is already in use at J:\\projects\\BIT_CRAFT\\craft-1\\backend\\source\\app\\Libraries\\Depends\\ValueObjectType.php:15)
[stacktrace]
#0 {main}
"} 
[2024-11-25 14:42:22] local.ERROR: Cannot declare class App\Libraries\Depends\ValueObjectType because the name is already in use {"exception":"[object] (Symfony\\Component\\ErrorHandler\\Error\\FatalError(code: 0): Cannot declare class App\\Libraries\\Depends\\ValueObjectType because the name is already in use at J:\\projects\\BIT_CRAFT\\craft-1\\backend\\source\\app\\Libraries\\Depends\\ValueObjectType.php:15)
[stacktrace]
#0 {main}
"} 
[2024-11-25 14:43:06] local.ERROR: Cannot declare class App\Libraries\Depends\ValueObjectType because the name is already in use {"exception":"[object] (Symfony\\Component\\ErrorHandler\\Error\\FatalError(code: 0): Cannot declare class App\\Libraries\\Depends\\ValueObjectType because the name is already in use at J:\\projects\\BIT_CRAFT\\craft-1\\backend\\source\\app\\Libraries\\Depends\\ValueObjectType.php:15)
[stacktrace]
#0 {main}
"} 
[2024-11-25 14:44:48] local.ERROR: Cannot declare class App\Libraries\Depends\ValueObjectType because the name is already in use {"exception":"[object] (Symfony\\Component\\ErrorHandler\\Error\\FatalError(code: 0): Cannot declare class App\\Libraries\\Depends\\ValueObjectType because the name is already in use at J:\\projects\\BIT_CRAFT\\craft-1\\backend\\source\\app\\Libraries\\Depends\\ValueObjectType.php:15)
[stacktrace]
#0 {main}
"} 
[2024-11-25 14:47:26] local.ERROR: Cannot declare class App\Libraries\Depends\ValueObjectType because the name is already in use {"exception":"[object] (Symfony\\Component\\ErrorHandler\\Error\\FatalError(code: 0): Cannot declare class App\\Libraries\\Depends\\ValueObjectType because the name is already in use at J:\\projects\\BIT_CRAFT\\craft-1\\backend\\source\\app\\Libraries\\Depends\\ValueObjectType.php:15)
[stacktrace]
#0 {main}
"} 
[2024-11-25 14:48:40] local.ERROR: Cannot declare class App\Libraries\Depends\ValueObjectType because the name is already in use {"exception":"[object] (Symfony\\Component\\ErrorHandler\\Error\\FatalError(code: 0): Cannot declare class App\\Libraries\\Depends\\ValueObjectType because the name is already in use at J:\\projects\\BIT_CRAFT\\craft-1\\backend\\source\\app\\Libraries\\Depends\\ValueObjectType.php:15)
[stacktrace]
#0 {main}
"} 
[2024-11-25 14:48:50] local.ERROR: Cannot declare class App\Libraries\Depends\ValueObjectType because the name is already in use {"exception":"[object] (Symfony\\Component\\ErrorHandler\\Error\\FatalError(code: 0): Cannot declare class App\\Libraries\\Depends\\ValueObjectType because the name is already in use at J:\\projects\\BIT_CRAFT\\craft-1\\backend\\source\\app\\Libraries\\Depends\\ValueObjectType.php:15)
[stacktrace]
#0 {main}
"} 
[2024-11-25 14:48:54] local.ERROR: Cannot declare class App\Libraries\Depends\ValueObjectType because the name is already in use {"exception":"[object] (Symfony\\Component\\ErrorHandler\\Error\\FatalError(code: 0): Cannot declare class App\\Libraries\\Depends\\ValueObjectType because the name is already in use at J:\\projects\\BIT_CRAFT\\craft-1\\backend\\source\\app\\Libraries\\Depends\\ValueObjectType.php:15)
[stacktrace]
#0 {main}
"} 
[2024-11-25 14:49:06] local.ERROR: Cannot declare class App\Libraries\Depends\ValueObjectType because the name is already in use {"exception":"[object] (Symfony\\Component\\ErrorHandler\\Error\\FatalError(code: 0): Cannot declare class App\\Libraries\\Depends\\ValueObjectType because the name is already in use at J:\\projects\\BIT_CRAFT\\craft-1\\backend\\source\\app\\Libraries\\Depends\\ValueObjectType.php:15)
[stacktrace]
#0 {main}
"} 
[2024-11-25 14:49:16] local.ERROR: Cannot declare class App\Libraries\Depends\ValueObjectType because the name is already in use {"exception":"[object] (Symfony\\Component\\ErrorHandler\\Error\\FatalError(code: 0): Cannot declare class App\\Libraries\\Depends\\ValueObjectType because the name is already in use at J:\\projects\\BIT_CRAFT\\craft-1\\backend\\source\\app\\Libraries\\Depends\\ValueObjectType.php:15)
[stacktrace]
#0 {main}
"} 
[2024-11-25 14:49:23] local.ERROR: Cannot declare class App\Libraries\Depends\ValueObjectType because the name is already in use {"exception":"[object] (Symfony\\Component\\ErrorHandler\\Error\\FatalError(code: 0): Cannot declare class App\\Libraries\\Depends\\ValueObjectType because the name is already in use at J:\\projects\\BIT_CRAFT\\craft-1\\backend\\source\\app\\Libraries\\Depends\\ValueObjectType.php:15)
[stacktrace]
#0 {main}
"} 
[2024-11-25 14:53:03] local.ERROR: Cannot declare class App\Libraries\Depends\ValueObjectType because the name is already in use {"exception":"[object] (Symfony\\Component\\ErrorHandler\\Error\\FatalError(code: 0): Cannot declare class App\\Libraries\\Depends\\ValueObjectType because the name is already in use at J:\\projects\\BIT_CRAFT\\craft-1\\backend\\source\\app\\Libraries\\Depends\\ValueObjectType.php:15)
[stacktrace]
#0 {main}
"} 
