[2025-07-15 08:08:48] laravel.EMERGENCY: Unable to create configured logger. Using emergency logger. {"exception":"[object] (ErrorException(code: 0): Undefined array key \"handler\" at J:\\projects\\BIT_CRAFT\\craft-1\\backend\\source\\vendor\\laravel\\framework\\src\\Illuminate\\Log\\LogManager.php:403)
[stacktrace]
#0 J:\\projects\\BIT_CRAFT\\craft-1\\backend\\source\\vendor\\laravel\\framework\\src\\Illuminate\\Foundation\\Bootstrap\\HandleExceptions.php(281): Illuminate\\Foundation\\Bootstrap\\HandleExceptions->handleError(2, 'Undefined array...', 'J:\\\\projects\\\\BIT...', 403)
#1 J:\\projects\\BIT_CRAFT\\craft-1\\backend\\source\\vendor\\laravel\\framework\\src\\Illuminate\\Log\\LogManager.php(403): Illuminate\\Foundation\\Bootstrap\\HandleExceptions->Illuminate\\Foundation\\Bootstrap\\{closure}(2, 'Undefined array...', 'J:\\\\projects\\\\BIT...', 403)
#2 J:\\projects\\BIT_CRAFT\\craft-1\\backend\\source\\vendor\\laravel\\framework\\src\\Illuminate\\Log\\LogManager.php(242): Illuminate\\Log\\LogManager->createMonologDriver(Array)
#3 J:\\projects\\BIT_CRAFT\\craft-1\\backend\\source\\vendor\\laravel\\framework\\src\\Illuminate\\Log\\LogManager.php(139): Illuminate\\Log\\LogManager->resolve('custom', Array)
#4 J:\\projects\\BIT_CRAFT\\craft-1\\backend\\source\\vendor\\laravel\\framework\\src\\Illuminate\\Log\\LogManager.php(126): Illuminate\\Log\\LogManager->get('custom')
#5 J:\\projects\\BIT_CRAFT\\craft-1\\backend\\source\\vendor\\laravel\\framework\\src\\Illuminate\\Log\\LogManager.php(659): Illuminate\\Log\\LogManager->driver()
#6 J:\\projects\\BIT_CRAFT\\craft-1\\backend\\source\\vendor\\laravel\\framework\\src\\Illuminate\\Support\\Facades\\Facade.php(358): Illuminate\\Log\\LogManager->emergency('---------- with...')
#7 J:\\projects\\BIT_CRAFT\\craft-1\\backend\\source\\bootstrap\\app.php(88): Illuminate\\Support\\Facades\\Facade::__callStatic('emergency', Array)
#8 J:\\projects\\BIT_CRAFT\\craft-1\\backend\\source\\vendor\\laravel\\framework\\src\\Illuminate\\Foundation\\Configuration\\ApplicationBuilder.php(374): PHPStan\\Command\\CommandHelper::{closure}(Object(Illuminate\\Foundation\\Configuration\\Exceptions))
#9 J:\\projects\\BIT_CRAFT\\craft-1\\backend\\source\\vendor\\laravel\\framework\\src\\Illuminate\\Container\\Container.php(1417): Illuminate\\Foundation\\Configuration\\ApplicationBuilder->Illuminate\\Foundation\\Configuration\\{closure}(Object(Illuminate\\Foundation\\Exceptions\\Handler), Object(Illuminate\\Foundation\\Application))
#10 J:\\projects\\BIT_CRAFT\\craft-1\\backend\\source\\vendor\\laravel\\framework\\src\\Illuminate\\Container\\Container.php(1353): Illuminate\\Container\\Container->fireCallbackArray(Object(Illuminate\\Foundation\\Exceptions\\Handler), Array)
#11 J:\\projects\\BIT_CRAFT\\craft-1\\backend\\source\\vendor\\laravel\\framework\\src\\Illuminate\\Container\\Container.php(1339): Illuminate\\Container\\Container->fireAfterResolvingCallbacks('Illuminate\\\\Cont...', Object(Illuminate\\Foundation\\Exceptions\\Handler))
#12 J:\\projects\\BIT_CRAFT\\craft-1\\backend\\source\\vendor\\laravel\\framework\\src\\Illuminate\\Container\\Container.php(837): Illuminate\\Container\\Container->fireResolvingCallbacks('Illuminate\\\\Cont...', Object(Illuminate\\Foundation\\Exceptions\\Handler))
#13 J:\\projects\\BIT_CRAFT\\craft-1\\backend\\source\\vendor\\laravel\\framework\\src\\Illuminate\\Foundation\\Application.php(1048): Illuminate\\Container\\Container->resolve('Illuminate\\\\Cont...', Array, true)
#14 J:\\projects\\BIT_CRAFT\\craft-1\\backend\\source\\vendor\\laravel\\framework\\src\\Illuminate\\Container\\Container.php(755): Illuminate\\Foundation\\Application->resolve('Illuminate\\\\Cont...', Array)
#15 J:\\projects\\BIT_CRAFT\\craft-1\\backend\\source\\vendor\\laravel\\framework\\src\\Illuminate\\Foundation\\Application.php(1030): Illuminate\\Container\\Container->make('Illuminate\\\\Cont...', Array)
#16 J:\\projects\\BIT_CRAFT\\craft-1\\backend\\source\\vendor\\nunomaduro\\collision\\src\\Adapters\\Laravel\\CollisionServiceProvider.php(61): Illuminate\\Foundation\\Application->make('Illuminate\\\\Cont...')
#17 J:\\projects\\BIT_CRAFT\\craft-1\\backend\\source\\vendor\\laravel\\framework\\src\\Illuminate\\Foundation\\Application.php(870): NunoMaduro\\Collision\\Adapters\\Laravel\\CollisionServiceProvider->register()
#18 J:\\projects\\BIT_CRAFT\\craft-1\\backend\\source\\vendor\\laravel\\framework\\src\\Illuminate\\Foundation\\ProviderRepository.php(75): Illuminate\\Foundation\\Application->register(Object(NunoMaduro\\Collision\\Adapters\\Laravel\\CollisionServiceProvider))
#19 J:\\projects\\BIT_CRAFT\\craft-1\\backend\\source\\vendor\\laravel\\framework\\src\\Illuminate\\Foundation\\Application.php(845): Illuminate\\Foundation\\ProviderRepository->load(Array)
#20 J:\\projects\\BIT_CRAFT\\craft-1\\backend\\source\\vendor\\laravel\\framework\\src\\Illuminate\\Foundation\\Bootstrap\\RegisterProviders.php(37): Illuminate\\Foundation\\Application->registerConfiguredProviders()
#21 J:\\projects\\BIT_CRAFT\\craft-1\\backend\\source\\vendor\\laravel\\framework\\src\\Illuminate\\Foundation\\Application.php(316): Illuminate\\Foundation\\Bootstrap\\RegisterProviders->bootstrap(Object(Illuminate\\Foundation\\Application))
#22 J:\\projects\\BIT_CRAFT\\craft-1\\backend\\source\\vendor\\laravel\\framework\\src\\Illuminate\\Foundation\\Console\\Kernel.php(473): Illuminate\\Foundation\\Application->bootstrapWith(Array)
#23 J:\\projects\\BIT_CRAFT\\craft-1\\backend\\source\\vendor\\nunomaduro\\larastan\\bootstrap.php(25): Illuminate\\Foundation\\Console\\Kernel->bootstrap()
#24 phar://J:/projects/BIT_CRAFT/craft-1/backend/source/vendor/phpstan/phpstan/phpstan.phar/src/Command/CommandHelper.php(515): require_once('J:\\\\projects\\\\BIT...')
#25 phar://J:/projects/BIT_CRAFT/craft-1/backend/source/vendor/phpstan/phpstan/phpstan.phar/src/Command/CommandHelper.php(516): PHPStan\\Command\\CommandHelper::PHPStan\\Command\\{closure}('J:\\\\projects\\\\BIT...')
#26 phar://J:/projects/BIT_CRAFT/craft-1/backend/source/vendor/phpstan/phpstan/phpstan.phar/src/Command/CommandHelper.php(374): PHPStan\\Command\\CommandHelper::executeBootstrapFile('J:\\\\projects\\\\BIT...', Object(PHPStan\\DependencyInjection\\MemoizingContainer), Object(PHPStan\\Command\\Symfony\\SymfonyOutput), false)
#27 phar://J:/projects/BIT_CRAFT/craft-1/backend/source/vendor/phpstan/phpstan/phpstan.phar/src/Command/AnalyseCommand.php(132): PHPStan\\Command\\CommandHelper::begin(Object(_PHPStan_09f7c00bc\\Symfony\\Component\\Console\\Input\\ArgvInput), Object(_PHPStan_09f7c00bc\\Symfony\\Component\\Console\\Output\\ConsoleOutput), Array, '2G', NULL, Array, 'J:/projects/BIT...', NULL, '5', false, false)
#28 phar://J:/projects/BIT_CRAFT/craft-1/backend/source/vendor/phpstan/phpstan/phpstan.phar/vendor/symfony/console/Command/Command.php(259): PHPStan\\Command\\AnalyseCommand->execute(Object(_PHPStan_09f7c00bc\\Symfony\\Component\\Console\\Input\\ArgvInput), Object(_PHPStan_09f7c00bc\\Symfony\\Component\\Console\\Output\\ConsoleOutput))
#29 phar://J:/projects/BIT_CRAFT/craft-1/backend/source/vendor/phpstan/phpstan/phpstan.phar/vendor/symfony/console/Application.php(870): _PHPStan_09f7c00bc\\Symfony\\Component\\Console\\Command\\Command->run(Object(_PHPStan_09f7c00bc\\Symfony\\Component\\Console\\Input\\ArgvInput), Object(_PHPStan_09f7c00bc\\Symfony\\Component\\Console\\Output\\ConsoleOutput))
#30 phar://J:/projects/BIT_CRAFT/craft-1/backend/source/vendor/phpstan/phpstan/phpstan.phar/vendor/symfony/console/Application.php(261): _PHPStan_09f7c00bc\\Symfony\\Component\\Console\\Application->doRunCommand(Object(PHPStan\\Command\\AnalyseCommand), Object(_PHPStan_09f7c00bc\\Symfony\\Component\\Console\\Input\\ArgvInput), Object(_PHPStan_09f7c00bc\\Symfony\\Component\\Console\\Output\\ConsoleOutput))
#31 phar://J:/projects/BIT_CRAFT/craft-1/backend/source/vendor/phpstan/phpstan/phpstan.phar/vendor/symfony/console/Application.php(157): _PHPStan_09f7c00bc\\Symfony\\Component\\Console\\Application->doRun(Object(_PHPStan_09f7c00bc\\Symfony\\Component\\Console\\Input\\ArgvInput), Object(_PHPStan_09f7c00bc\\Symfony\\Component\\Console\\Output\\ConsoleOutput))
#32 phar://J:/projects/BIT_CRAFT/craft-1/backend/source/vendor/phpstan/phpstan/phpstan.phar/bin/phpstan(127): _PHPStan_09f7c00bc\\Symfony\\Component\\Console\\Application->run()
#33 phar://J:/projects/BIT_CRAFT/craft-1/backend/source/vendor/phpstan/phpstan/phpstan.phar/bin/phpstan(128): _PHPStan_09f7c00bc\\{closure}()
#34 J:\\projects\\BIT_CRAFT\\craft-1\\backend\\source\\vendor\\phpstan\\phpstan\\phpstan(8): require('phar://J:/proje...')
#35 J:\\projects\\BIT_CRAFT\\craft-1\\backend\\source\\vendor\\bin\\phpstan(119): include('J:\\\\projects\\\\BIT...')
#36 {main}
"} 
[2025-07-15 08:08:48] laravel.EMERGENCY: ---------- withExceptions::88  
