[2024-11-11 11:13:35] local.DEBUG: App\Domains\Playable\EntPlayable__construct[]  
[2024-11-11 11:13:35] local.DEBUG: App\Domains\Playable\EntPlayable__construct[]  
[2024-11-11 11:13:35] local.DEBUG: App\Domains\Playable\EntPlayable__construct[]  
[2024-11-11 11:13:36] local.DEBUG: App\Domains\Playable\EntPlayable__construct[]  
[2024-11-11 11:13:36] local.DEBUG: App\Domains\Playable\EntPlayable__construct[]  
[2024-11-11 11:13:42] local.DEBUG: App\Domains\Playable\EntPlayable__construct[]  
[2024-11-11 11:13:42] local.DEBUG: App\Domains\Playable\EntPlayable__construct[]  
[2024-11-11 11:13:42] local.DEBUG: App\Domains\Playable\EntPlayable__construct[]  
[2024-11-11 11:13:42] local.DEBUG: App\Domains\Playable\EntPlayable__construct[]  
[2024-11-11 11:13:42] local.DEBUG: App\Domains\Playable\EntPlayable__construct[]  
[2024-11-11 11:13:42] local.DEBUG: App\Domains\Playable\EntPlayable__construct[]  
[2024-11-11 11:13:42] local.DEBUG: App\Domains\Playable\EntPlayable__construct[]  
[2024-11-11 11:13:42] local.DEBUG: App\Domains\Playable\EntPlayable__construct[]  
[2024-11-11 11:13:42] local.DEBUG: App\Domains\Playable\EntPlayable__construct[]  
[2024-11-11 11:13:42] local.DEBUG: App\Domains\Playable\EntPlayable__construct[]  
[2024-11-11 11:13:45] local.DEBUG: App\Domains\Playable\EntPlayable__construct[]  
[2024-11-11 11:13:45] local.DEBUG: App\Domains\Playable\EntPlayable__construct[]  
[2024-11-11 11:13:45] local.DEBUG: App\Domains\Playable\EntPlayable__construct[]  
[2024-11-11 11:13:45] local.DEBUG: App\Domains\Playable\EntPlayable__construct[]  
[2024-11-11 11:13:45] local.DEBUG: App\Domains\Playable\EntPlayable__construct[]  
[2024-11-11 11:13:45] local.DEBUG: App\Domains\Playable\EntPlayable__construct[]  
[2024-11-11 11:13:46] local.DEBUG: App\Domains\Playable\EntPlayable__construct[]  
[2024-11-11 11:13:46] local.DEBUG: App\Domains\Playable\EntPlayable__construct[]  
[2024-11-11 11:13:46] local.DEBUG: App\Domains\Playable\EntPlayable__construct[]  
[2024-11-11 11:13:46] local.DEBUG: App\Domains\Playable\EntPlayable__construct[]  
[2024-11-11 11:13:51] local.DEBUG: App\Domains\Playable\EntPlayable__construct[]  
[2024-11-11 11:13:51] local.DEBUG: App\Domains\Playable\EntPlayable__construct[]  
[2024-11-11 11:13:51] local.DEBUG: App\Domains\Playable\EntPlayable__construct[]  
[2024-11-11 11:13:51] local.DEBUG: App\Domains\Playable\EntPlayable__construct[]  
[2024-11-11 11:13:51] local.DEBUG: App\Domains\Playable\EntPlayable__construct[]  
[2024-11-11 11:13:51] local.DEBUG: App\Domains\Playable\EntPlayable__construct[]  
[2024-11-11 11:13:52] local.DEBUG: App\Domains\Playable\EntPlayable__construct[]  
[2024-11-11 11:13:52] local.DEBUG: App\Domains\Playable\EntPlayable__construct[]  
[2024-11-11 11:13:52] local.DEBUG: App\Domains\Playable\EntPlayable__construct[]  
[2024-11-11 11:13:52] local.DEBUG: App\Domains\Playable\EntPlayable__construct[]  
[2024-11-11 11:13:59] local.DEBUG: App\Domains\Playable\EntPlayable__construct[]  
[2024-11-11 11:13:59] local.DEBUG: App\Domains\Playable\EntPlayable__construct[]  
[2024-11-11 11:13:59] local.DEBUG: App\Domains\Playable\EntPlayable__construct[]  
[2024-11-11 11:13:59] local.DEBUG: App\Domains\Playable\EntPlayable__construct[]  
[2024-11-11 11:13:59] local.DEBUG: App\Domains\Playable\EntPlayable__construct[]  
[2024-11-11 11:13:59] local.DEBUG: App\Domains\Playable\EntPlayable__construct[]  
[2024-11-11 11:13:59] local.DEBUG: App\Domains\Playable\EntPlayable__construct[]  
[2024-11-11 11:13:59] local.DEBUG: App\Domains\Playable\EntPlayable__construct[]  
[2024-11-11 11:13:59] local.DEBUG: App\Domains\Playable\EntPlayable__construct[]  
[2024-11-11 11:13:59] local.DEBUG: App\Domains\Playable\EntPlayable__construct[]  
[2024-11-11 11:14:02] local.DEBUG: App\Domains\Playable\EntPlayable__construct[]  
[2024-11-11 11:14:02] local.DEBUG: App\Domains\Playable\EntPlayable__construct[]  
[2024-11-11 11:14:02] local.DEBUG: App\Domains\Playable\EntPlayable__construct[]  
[2024-11-11 11:14:02] local.DEBUG: App\Domains\Playable\EntPlayable__construct[]  
[2024-11-11 11:14:02] local.DEBUG: App\Domains\Playable\EntPlayable__construct[]  
[2024-11-11 11:14:02] local.DEBUG: App\Domains\Playable\EntPlayable__construct[]  
[2024-11-11 11:14:03] local.DEBUG: App\Domains\Playable\EntPlayable__construct[]  
[2024-11-11 11:14:03] local.DEBUG: App\Domains\Playable\EntPlayable__construct[]  
[2024-11-11 11:14:03] local.DEBUG: App\Domains\Playable\EntPlayable__construct[]  
[2024-11-11 11:14:03] local.DEBUG: App\Domains\Playable\EntPlayable__construct[]  
[2024-11-11 11:14:06] local.DEBUG: App\Domains\Playable\EntPlayable__construct[]  
[2024-11-11 11:14:07] local.DEBUG: App\Domains\Playable\EntPlayable__construct[]  
[2024-11-11 11:14:07] local.DEBUG: App\Domains\Playable\EntPlayable__construct[]  
[2024-11-11 11:14:07] local.DEBUG: App\Domains\Playable\EntPlayable__construct[]  
[2024-11-11 11:14:07] local.DEBUG: App\Domains\Playable\EntPlayable__construct[]  
[2024-11-11 11:14:07] local.DEBUG: App\Domains\Playable\EntPlayable__construct[]  
[2024-11-11 11:14:07] local.DEBUG: App\Domains\Playable\EntPlayable__construct[]  
[2024-11-11 11:14:07] local.DEBUG: App\Domains\Playable\EntPlayable__construct[]  
[2024-11-11 11:14:07] local.DEBUG: App\Domains\Playable\EntPlayable__construct[]  
[2024-11-11 11:14:07] local.DEBUG: App\Domains\Playable\EntPlayable__construct[]  
[2024-11-11 11:14:07] local.DEBUG: App\Domains\Playable\EntPlayable__construct[]  
[2024-11-11 11:14:07] local.DEBUG: App\Domains\Playable\EntPlayable__construct[]  
[2024-11-11 11:14:12] local.DEBUG: App\Domains\Playable\EntPlayable__construct[]  
[2024-11-11 11:14:12] local.DEBUG: App\Domains\Playable\EntPlayable__construct[]  
[2024-11-11 11:14:12] local.DEBUG: App\Domains\Playable\EntPlayable__construct[]  
[2024-11-11 11:14:12] local.DEBUG: App\Domains\Playable\EntPlayable__construct[]  
[2024-11-11 11:14:12] local.DEBUG: App\Domains\Playable\EntPlayable__construct[]  
[2024-11-11 11:14:12] local.DEBUG: App\Domains\Playable\EntPlayable__construct[]  
[2024-11-11 11:14:12] local.DEBUG: App\Domains\Playable\EntPlayable__construct[]  
[2024-11-11 11:14:12] local.DEBUG: App\Domains\Playable\EntPlayable__construct[]  
[2024-11-11 11:14:12] local.DEBUG: App\Domains\Playable\EntPlayable__construct[]  
[2024-11-11 11:14:12] local.DEBUG: App\Domains\Playable\EntPlayable__construct[]  
[2024-11-11 11:14:12] local.DEBUG: App\Domains\Playable\EntPlayable__construct[]  
[2024-11-11 11:14:12] local.DEBUG: App\Domains\Playable\EntPlayable__construct[]  
[2024-11-11 11:14:40] local.DEBUG: App\Domains\Playable\EntPlayable__construct[]  
[2024-11-11 11:14:40] local.DEBUG: App\Domains\Playable\EntPlayable__construct[]  
[2024-11-11 11:14:40] local.DEBUG: App\Domains\Playable\EntPlayable__construct[]  
[2024-11-11 11:14:40] local.DEBUG: App\Domains\Playable\EntPlayable__construct[]  
[2024-11-11 11:14:40] local.DEBUG: App\Domains\Playable\EntPlayable__construct[]  
[2024-11-11 11:14:40] local.DEBUG: App\Domains\Playable\EntPlayable__construct[]  
[2024-11-11 11:14:40] local.DEBUG: App\Domains\Playable\EntPlayable__construct[]  
[2024-11-11 11:14:41] local.DEBUG: App\Domains\Playable\EntPlayable__construct[]  
[2024-11-11 11:14:41] local.DEBUG: App\Domains\Playable\EntPlayable__construct[]  
[2024-11-11 11:14:41] local.DEBUG: App\Domains\Playable\EntPlayable__construct[]  
[2024-11-11 11:14:41] local.DEBUG: App\Domains\Playable\EntPlayable__construct[]  
[2024-11-11 11:14:41] local.DEBUG: App\Domains\Playable\EntPlayable__construct[]  
[2024-11-11 11:14:44] local.DEBUG: App\Domains\Playable\EntPlayable__construct[]  
[2024-11-11 11:14:44] local.DEBUG: App\Domains\Playable\EntPlayable__construct[]  
[2024-11-11 11:14:44] local.DEBUG: App\Domains\Playable\EntPlayable__construct[]  
[2024-11-11 11:14:44] local.DEBUG: App\Domains\Playable\EntPlayable__construct[]  
[2024-11-11 11:14:44] local.DEBUG: App\Domains\Playable\EntPlayable__construct[]  
[2024-11-11 11:14:44] local.DEBUG: App\Domains\Playable\EntPlayable__construct[]  
[2024-11-11 11:14:44] local.DEBUG: App\Domains\Playable\EntPlayable__construct[]  
[2024-11-11 11:14:44] local.DEBUG: App\Domains\Playable\EntPlayable__construct[]  
[2024-11-11 11:14:44] local.DEBUG: App\Domains\Playable\EntPlayable__construct[]  
[2024-11-11 11:14:44] local.DEBUG: App\Domains\Playable\EntPlayable__construct[]  
[2024-11-11 11:14:44] local.DEBUG: App\Domains\Playable\EntPlayable__construct[]  
[2024-11-11 11:14:44] local.DEBUG: App\Domains\Playable\EntPlayable__construct[]  
[2024-11-11 11:14:48] local.DEBUG: App\Domains\Playable\EntPlayable__construct[]  
[2024-11-11 11:14:48] local.DEBUG: App\Domains\Playable\EntPlayable__construct[]  
[2024-11-11 11:14:48] local.DEBUG: App\Domains\Playable\EntPlayable__construct[]  
[2024-11-11 11:14:48] local.DEBUG: App\Domains\Playable\EntPlayable__construct[]  
[2024-11-11 11:14:48] local.DEBUG: App\Domains\Playable\EntPlayable__construct[]  
[2024-11-11 11:14:48] local.DEBUG: App\Domains\Playable\EntPlayable__construct[]  
[2024-11-11 11:14:48] local.DEBUG: App\Domains\Playable\EntPlayable__construct[]  
[2024-11-11 11:14:48] local.DEBUG: App\Domains\Playable\EntPlayable__construct[]  
[2024-11-11 11:14:48] local.DEBUG: App\Domains\Playable\EntPlayable__construct[]  
[2024-11-11 11:14:48] local.DEBUG: App\Domains\Playable\EntPlayable__construct[]  
[2024-11-11 11:14:48] local.DEBUG: App\Domains\Playable\EntPlayable__construct[]  
[2024-11-11 11:14:48] local.DEBUG: App\Domains\Playable\EntPlayable__construct[]  
[2024-11-11 11:15:57] local.DEBUG: App\Domains\Playable\EntPlayable__construct[]  
[2024-11-11 11:15:58] local.DEBUG: App\Domains\Playable\EntPlayable__construct[]  
[2024-11-11 11:15:58] local.DEBUG: App\Domains\Playable\EntPlayable__construct[]  
[2024-11-11 11:15:58] local.DEBUG: App\Domains\Playable\EntPlayable__construct[]  
[2024-11-11 11:15:58] local.DEBUG: App\Domains\Playable\EntPlayable__construct[]  
[2024-11-11 11:15:58] local.DEBUG: App\Domains\Playable\EntPlayable__construct[]  
[2024-11-11 11:15:58] local.DEBUG: App\Domains\Playable\EntPlayable__construct[]  
[2024-11-11 11:15:58] local.DEBUG: App\Domains\Playable\EntPlayable__construct[]  
[2024-11-11 11:15:58] local.DEBUG: App\Domains\Playable\EntPlayable__construct[]  
[2024-11-11 11:15:58] local.DEBUG: App\Domains\Playable\EntPlayable__construct[]  
[2024-11-11 11:15:58] local.DEBUG: App\Domains\Playable\EntPlayable__construct[]  
[2024-11-11 11:15:58] local.DEBUG: App\Domains\Playable\EntPlayable__construct[]  
[2024-11-11 11:16:33] local.DEBUG: App\Domains\Playable\EntPlayable__construct[]  
[2024-11-11 11:16:33] local.DEBUG: App\Domains\Playable\EntPlayable__construct[]  
[2024-11-11 11:16:33] local.DEBUG: App\Domains\Playable\EntPlayable__construct[]  
[2024-11-11 11:16:33] local.DEBUG: App\Domains\Playable\EntPlayable__construct[]  
[2024-11-11 11:16:33] local.DEBUG: App\Domains\Playable\EntPlayable__construct[]  
[2024-11-11 11:16:33] local.DEBUG: App\Domains\Playable\EntPlayable__construct[]  
[2024-11-11 11:16:33] local.DEBUG: App\Domains\Playable\EntPlayable__construct[]  
[2024-11-11 11:16:33] local.DEBUG: App\Domains\Playable\EntPlayable__construct[]  
[2024-11-11 11:16:33] local.DEBUG: App\Domains\Playable\EntPlayable__construct[]  
[2024-11-11 11:16:33] local.DEBUG: App\Domains\Playable\EntPlayable__construct[]  
[2024-11-11 11:16:33] local.DEBUG: App\Domains\Playable\EntPlayable__construct[]  
[2024-11-11 11:16:33] local.DEBUG: App\Domains\Playable\EntPlayable__construct[]  
[2024-11-11 11:16:54] local.DEBUG: App\Domains\Playable\EntPlayable__construct[]  
[2024-11-11 11:16:54] local.DEBUG: App\Domains\Playable\EntPlayable__construct[]  
[2024-11-11 11:16:54] local.DEBUG: App\Domains\Playable\EntPlayable__construct[]  
[2024-11-11 11:16:54] local.DEBUG: App\Domains\Playable\EntPlayable__construct[]  
[2024-11-11 11:16:54] local.DEBUG: App\Domains\Playable\EntPlayable__construct[]  
[2024-11-11 11:16:54] local.DEBUG: App\Domains\Playable\EntPlayable__construct[]  
[2024-11-11 11:16:54] local.DEBUG: App\Domains\Playable\EntPlayable__construct[]  
[2024-11-11 11:16:54] local.DEBUG: App\Domains\Playable\EntPlayable__construct[]  
[2024-11-11 11:16:54] local.DEBUG: App\Domains\Playable\EntPlayable__construct[]  
[2024-11-11 11:16:54] local.DEBUG: App\Domains\Playable\EntPlayable__construct[]  
[2024-11-11 11:16:54] local.DEBUG: App\Domains\Playable\EntPlayable__construct[]  
[2024-11-11 11:16:54] local.DEBUG: App\Domains\Playable\EntPlayable__construct[]  
[2024-11-11 11:17:01] local.DEBUG: App\Domains\Playable\EntPlayable__construct[]  
[2024-11-11 11:17:01] local.DEBUG: App\Domains\Playable\EntPlayable__construct[]  
[2024-11-11 11:17:01] local.DEBUG: App\Domains\Playable\EntPlayable__construct[]  
[2024-11-11 11:17:01] local.DEBUG: App\Domains\Playable\EntPlayable__construct[]  
[2024-11-11 11:17:01] local.DEBUG: App\Domains\Playable\EntPlayable__construct[]  
[2024-11-11 11:17:01] local.DEBUG: App\Domains\Playable\EntPlayable__construct[]  
[2024-11-11 11:17:01] local.DEBUG: App\Domains\Playable\EntPlayable__construct[]  
[2024-11-11 11:17:01] local.DEBUG: App\Domains\Playable\EntPlayable__construct[]  
[2024-11-11 11:17:01] local.DEBUG: App\Domains\Playable\EntPlayable__construct[]  
[2024-11-11 11:17:01] local.DEBUG: App\Domains\Playable\EntPlayable__construct[]  
[2024-11-11 11:17:01] local.DEBUG: App\Domains\Playable\EntPlayable__construct[]  
[2024-11-11 11:17:01] local.DEBUG: App\Domains\Playable\EntPlayable__construct[]  
[2024-11-11 11:17:04] local.DEBUG: App\Domains\Playable\EntPlayable__construct[]  
[2024-11-11 11:17:04] local.DEBUG: App\Domains\Playable\EntPlayable__construct[]  
[2024-11-11 11:17:04] local.DEBUG: App\Domains\Playable\EntPlayable__construct[]  
[2024-11-11 11:17:04] local.DEBUG: App\Domains\Playable\EntPlayable__construct[]  
[2024-11-11 11:17:04] local.DEBUG: App\Domains\Playable\EntPlayable__construct[]  
[2024-11-11 11:17:04] local.DEBUG: App\Domains\Playable\EntPlayable__construct[]  
[2024-11-11 11:17:04] local.DEBUG: App\Domains\Playable\EntPlayable__construct[]  
[2024-11-11 11:17:04] local.DEBUG: App\Domains\Playable\EntPlayable__construct[]  
[2024-11-11 11:17:04] local.DEBUG: App\Domains\Playable\EntPlayable__construct[]  
[2024-11-11 11:17:04] local.DEBUG: App\Domains\Playable\EntPlayable__construct[]  
[2024-11-11 11:17:04] local.DEBUG: App\Domains\Playable\EntPlayable__construct[]  
[2024-11-11 11:17:04] local.DEBUG: App\Domains\Playable\EntPlayable__construct[]  
[2024-11-11 11:17:13] local.DEBUG: App\Domains\Playable\EntPlayable__construct[]  
[2024-11-11 11:17:13] local.DEBUG: App\Domains\Playable\EntPlayable__construct[]  
[2024-11-11 11:17:13] local.DEBUG: App\Domains\Playable\EntPlayable__construct[]  
[2024-11-11 11:17:13] local.DEBUG: App\Domains\Playable\EntPlayable__construct[]  
[2024-11-11 11:17:13] local.DEBUG: App\Domains\Playable\EntPlayable__construct[]  
[2024-11-11 11:17:16] local.DEBUG: App\Domains\Playable\EntPlayable__construct[]  
[2024-11-11 11:17:16] local.DEBUG: App\Domains\Playable\EntPlayable__construct[]  
[2024-11-11 11:17:16] local.DEBUG: App\Domains\Playable\EntPlayable__construct[]  
[2024-11-11 11:17:17] local.DEBUG: App\Domains\Playable\EntPlayable__construct[]  
[2024-11-11 11:17:17] local.DEBUG: App\Domains\Playable\EntPlayable__construct[]  
[2024-11-11 14:09:26] local.ERROR: Trait "App\Libraries\LibAppConfig" not found {"exception":"[object] (Symfony\\Component\\ErrorHandler\\Error\\FatalError(code: 0): Trait \"App\\Libraries\\LibAppConfig\" not found at J:\\projects\\BIT_CRAFT\\craft-1\\backend\\source\\app\\Libraries\\Depends\\CondenseAppSignup.php:21)
[stacktrace]
#0 {main}
"} 
[2024-11-11 14:09:34] local.ERROR: Trait "App\Libraries\LibAppConfig" not found {"exception":"[object] (Symfony\\Component\\ErrorHandler\\Error\\FatalError(code: 0): Trait \"App\\Libraries\\LibAppConfig\" not found at J:\\projects\\BIT_CRAFT\\craft-1\\backend\\source\\app\\Libraries\\Depends\\CondenseAppSignup.php:21)
[stacktrace]
#0 {main}
"} 
[2024-11-11 14:42:59] local.ERROR: Cannot declare class App\Libraries\Depends\ValueObjectType because the name is already in use {"exception":"[object] (Symfony\\Component\\ErrorHandler\\Error\\FatalError(code: 0): Cannot declare class App\\Libraries\\Depends\\ValueObjectType because the name is already in use at J:\\projects\\BIT_CRAFT\\craft-1\\backend\\source\\app\\Libraries\\Depends\\ValueObjectType.php:15)
[stacktrace]
#0 {main}
"} 
[2024-11-11 15:35:02] local.ERROR: Cannot declare class App\Libraries\Depends\ValueObjectType because the name is already in use {"exception":"[object] (Symfony\\Component\\ErrorHandler\\Error\\FatalError(code: 0): Cannot declare class App\\Libraries\\Depends\\ValueObjectType because the name is already in use at J:\\projects\\BIT_CRAFT\\craft-1\\backend\\source\\app\\Libraries\\Depends\\ValueObjectType.php:15)
[stacktrace]
#0 {main}
"} 
[2024-11-11 15:35:08] local.ERROR: Cannot declare class App\Libraries\Depends\ValueObjectType because the name is already in use {"exception":"[object] (Symfony\\Component\\ErrorHandler\\Error\\FatalError(code: 0): Cannot declare class App\\Libraries\\Depends\\ValueObjectType because the name is already in use at J:\\projects\\BIT_CRAFT\\craft-1\\backend\\source\\app\\Libraries\\Depends\\ValueObjectType.php:15)
[stacktrace]
#0 {main}
"} 
[2024-11-11 15:35:12] local.ERROR: Cannot declare class App\Libraries\Depends\ValueObjectType because the name is already in use {"exception":"[object] (Symfony\\Component\\ErrorHandler\\Error\\FatalError(code: 0): Cannot declare class App\\Libraries\\Depends\\ValueObjectType because the name is already in use at J:\\projects\\BIT_CRAFT\\craft-1\\backend\\source\\app\\Libraries\\Depends\\ValueObjectType.php:15)
[stacktrace]
#0 {main}
"} 
[2024-11-11 15:35:16] local.ERROR: Cannot declare class App\Libraries\Depends\ValueObjectType because the name is already in use {"exception":"[object] (Symfony\\Component\\ErrorHandler\\Error\\FatalError(code: 0): Cannot declare class App\\Libraries\\Depends\\ValueObjectType because the name is already in use at J:\\projects\\BIT_CRAFT\\craft-1\\backend\\source\\app\\Libraries\\Depends\\ValueObjectType.php:15)
[stacktrace]
#0 {main}
"} 
[2024-11-11 15:35:20] local.ERROR: Cannot declare class App\Libraries\Depends\ValueObjectType because the name is already in use {"exception":"[object] (Symfony\\Component\\ErrorHandler\\Error\\FatalError(code: 0): Cannot declare class App\\Libraries\\Depends\\ValueObjectType because the name is already in use at J:\\projects\\BIT_CRAFT\\craft-1\\backend\\source\\app\\Libraries\\Depends\\ValueObjectType.php:15)
[stacktrace]
#0 {main}
"} 
[2024-11-11 15:35:24] local.ERROR: Cannot declare class App\Libraries\Depends\ValueObjectType because the name is already in use {"exception":"[object] (Symfony\\Component\\ErrorHandler\\Error\\FatalError(code: 0): Cannot declare class App\\Libraries\\Depends\\ValueObjectType because the name is already in use at J:\\projects\\BIT_CRAFT\\craft-1\\backend\\source\\app\\Libraries\\Depends\\ValueObjectType.php:15)
[stacktrace]
#0 {main}
"} 
[2024-11-11 15:35:28] local.ERROR: Cannot declare class App\Libraries\Depends\ValueObjectType because the name is already in use {"exception":"[object] (Symfony\\Component\\ErrorHandler\\Error\\FatalError(code: 0): Cannot declare class App\\Libraries\\Depends\\ValueObjectType because the name is already in use at J:\\projects\\BIT_CRAFT\\craft-1\\backend\\source\\app\\Libraries\\Depends\\ValueObjectType.php:15)
[stacktrace]
#0 {main}
"} 
[2024-11-11 15:37:02] local.ERROR: Cannot declare class App\Libraries\Depends\ValueObjectType because the name is already in use {"exception":"[object] (Symfony\\Component\\ErrorHandler\\Error\\FatalError(code: 0): Cannot declare class App\\Libraries\\Depends\\ValueObjectType because the name is already in use at J:\\projects\\BIT_CRAFT\\craft-1\\backend\\source\\app\\Libraries\\Depends\\ValueObjectType.php:15)
[stacktrace]
#0 {main}
"} 
